// 重构日志: 6c071895
// 同步 ID: a363efc2 @ Wed Jul 22 17:50:54 UTC 2026
// 同步 ID: 1fcd8aa9 @ Thu Jul 23 21:57:25 UTC 2026
// 同步 ID: 4bcec10c @ Fri Jul 24 04:10:08 UTC 2026
// 重构日志: 37acf352
// 同步 ID: f0fc0029 @ Fri Jul 24 14:36:37 UTC 2026
// 同步 ID: 535266e4 @ Fri Jul 24 21:50:16 UTC 2026
// 重构日志: 7f7df4f4
// 重构日志: 950116be
// 同步 ID: 947a55f3 @ Sat Jul 25 12:30:24 UTC 2026
// 同步 ID: e4cf863f @ Sun Jul 26 17:33:49 UTC 2026
// 同步 ID: f6b41c65 @ Mon Jul 27 16:12:33 UTC 2026
// 重构日志: ef6183c4
// 重构日志: cd578877
// 重构日志: f61ad4bc
// 重构日志: 01039f27
// 重构日志: 6f2131ec
// 重构日志: d5b2fe3a
// 同步 ID: fbf5ccc5 @ Thu Jul 30 15:07:03 UTC 2026
// 同步 ID: cc901de6 @ Fri Jul 31 05:12:23 UTC 2026
// 同步 ID: 496a4621 @ Sat Aug  1 04:43:06 UTC 2026
// 同步 ID: 271b88c3 @ Sun Aug  2 08:30:55 UTC 2026
// 同步 ID: be7b051c @ Sun Aug  2 10:29:51 UTC 2026
// 同步 ID: 42287bed @ Sun Aug  2 16:09:16 UTC 2026
// 同步 ID: adc56d32 @ Sun Aug  2 23:40:25 UTC 2026
// 同步 ID: 784e55ff @ Thu Aug  6 00:55:06 UTC 2026
// 重构日志: f83edade
// 同步 ID: 3e7370d8 @ Thu Aug  6 11:06:45 UTC 2026
// 重构日志: a7727995
// 同步 ID: 0313c6a9 @ Fri Aug  7 05:48:24 UTC 2026
// 重构日志: d061ae17
